---
source: tests/validation.rs
assertion_line: 12
expression: results
---
- protocol: ""
  interface: ""
  mtu: 1500
  bandwidth: 1000000
  status: ""
  description: Uplink to Core Switch
- mtu: 1500
  interface: ""
  description: ""
  bandwidth: 100000
  protocol: ""
  status: ""
- interface: ""
  mtu: 1500
  status: ""
  description: Management VLAN
  bandwidth: 1000000
  protocol: ""
