---
source: tests/validation.rs
expression: results.clone()
---
- model: ""
  hostname: ""
  uptime: ""
  version: "15.0(2)SE11,"
  serial: ""
- model: ""
  uptime: "5 weeks, 2 days, 3 hours, 45 minutes"
  version: ""
  hostname: SW-CORE-01
  serial: ""
- uptime: ""
  model: WS-C2960-48TT-L
  hostname: ""
  version: ""
  serial: FOC1234ABCD
- version: ""
  hostname: ""
  uptime: ""
  model: ""
  serial: ":"
