---
source: tests/validation.rs
assertion_line: 12
expression: results
---
- uptime: ""
  version: "12.2(55)SE12,"
  hostname: ""
  model: ""
  serial: ""
- model: ""
  version: ""
  serial: ""
  hostname: DC-SWITCH-01
  uptime: "3 years, 28 weeks, 4 days, 17 hours, 22 minutes"
- serial: CAT0123X4YZ
  model: WS-C3560G-24TS
  version: ""
  uptime: ""
  hostname: ""
- serial: ":"
  model: ""
  hostname: ""
  version: ""
  uptime: ""
