---
source: tests/validation.rs
expression: results.clone()
---
- interface: ""
  bandwidth: 1000000
  mtu: 1500
  status: ""
  protocol: ""
  description: Uplink to Core Switch
- status: ""
  description: ""
  protocol: ""
  mtu: 1500
  bandwidth: 100000
  interface: ""
- interface: ""
  status: ""
  description: Management VLAN
  protocol: ""
  bandwidth: 1000000
  mtu: 1500
