---
source: tests/validation.rs
expression: results.clone()
---
- hostname: ""
  uptime: ""
  model: ""
  version: "12.2(55)SE12,"
  serial: ""
- uptime: "3 years, 28 weeks, 4 days, 17 hours, 22 minutes"
  serial: ""
  hostname: DC-SWITCH-01
  model: ""
  version: ""
- serial: CAT0123X4YZ
  model: WS-C3560G-24TS
  version: ""
  uptime: ""
  hostname: ""
- model: ""
  hostname: ""
  uptime: ""
  version: ""
  serial: ":"
