---
source: tests/validation.rs
expression: results.clone()
---
- hostname: ""
  uptime: ""
  serial: ""
  model: ""
  version: 9.3(7)
- version: ""
  serial: 9ABCDEF0123
  uptime: ""
  model: Nexus9000 9000v
  hostname: ""
- version: ""
  uptime: "234 day(s), 12 hour(s), 45 minute(s), 30 second(s)"
  hostname: NEXUS-DC-CORE-01
  model: ""
  serial: ""
